[WebServer] (node:92283) Warning: The 'NO_COLOR' env is ignored due to the 'FORCE_COLOR' env being set.
[WebServer] (Use `node --trace-warnings ...` to show where the warning was created)
[WebServer] (node:92284) Warning: The 'NO_COLOR' env is ignored due to the 'FORCE_COLOR' env being set.
[WebServer] (Use `node --trace-warnings ...` to show where the warning was created)
[WebServer] (node:92286) Warning: The 'NO_COLOR' env is ignored due to the 'FORCE_COLOR' env being set.
[WebServer] (Use `node --trace-warnings ...` to show where the warning was created)
[WebServer] (node:92287) Warning: The 'NO_COLOR' env is ignored due to the 'FORCE_COLOR' env being set.
[WebServer] (Use `node --trace-warnings ...` to show where the warning was created)
[WebServer] (node:92287) Warning: The 'NO_COLOR' env is ignored due to the 'FORCE_COLOR' env being set.
[WebServer] (Use `node --trace-warnings ...` to show where the warning was created)
[WebServer] (node:92435) Warning: The 'NO_COLOR' env is ignored due to the 'FORCE_COLOR' env being set.
[WebServer] (Use `node --trace-warnings ...` to show where the warning was created)
[WebServer] 
[WebServer] (!) Some chunks are larger than 2200 kB after minification. Consider:
[WebServer] - Using dynamic import() to code-split the application
[WebServer] - Use build.rollupOptions.output.manualChunks to improve chunking: https://rollupjs.org/configuration-options/#output-manualchunks
[WebServer] - Adjust chunk size limit for this warning via build.chunkSizeWarningLimit.
[WebServer] (node:92510) Warning: The 'NO_COLOR' env is ignored due to the 'FORCE_COLOR' env being set.
[WebServer] (Use `node --trace-warnings ...` to show where the warning was created)

Running 8 tests using 2 workers

(node:92537) Warning: The 'NO_COLOR' env is ignored due to the 'FORCE_COLOR' env being set.
(Use `node --trace-warnings ...` to show where the warning was created)
(node:92538) Warning: The 'NO_COLOR' env is ignored due to the 'FORCE_COLOR' env being set.
(Use `node --trace-warnings ...` to show where the warning was created)
  ✓  2 [chromium-desktop] › tests/visual/client-facing-user-flows.spec.ts:1947:3 › client-facing user flow case studies › calendar day selection and view controls are interactive (1.4s)
  ✓  1 [chromium-desktop] › tests/visual/calendar-moon-ui.spec.ts:9:5 › lunar geometry and calendar layout at 320px in light (2.3s)
  ✓  3 [chromium-desktop] › tests/visual/client-facing-user-flows.spec.ts:2667:3 › client-facing user flow case studies › narrow mobile calendar surfaces stay inside the page container (1.8s)
  ✓  4 [chromium-desktop] › tests/visual/calendar-moon-ui.spec.ts:9:5 › lunar geometry and calendar layout at 768px in light (2.2s)
  ✓  5 [chromium-desktop] › tests/visual/calendar-moon-ui.spec.ts:9:5 › lunar geometry and calendar layout at 1440px in light (2.3s)
  ✓  6 [chromium-desktop] › tests/visual/calendar-moon-ui.spec.ts:9:5 › lunar geometry and calendar layout at 320px in dark (1.9s)
  ✓  7 [chromium-desktop] › tests/visual/calendar-moon-ui.spec.ts:9:5 › lunar geometry and calendar layout at 768px in dark (2.0s)
  ✓  8 [chromium-desktop] › tests/visual/calendar-moon-ui.spec.ts:9:5 › lunar geometry and calendar layout at 1440px in dark (2.3s)

  8 passed (29.6s)
